D:\Projects\english-learning-history\app\modules\home\ui\components\HomeFooter\HomeFooter.test.tsx 
 HomeFooter component should render the brand mark 
 TestingLibraryElementError: Unable to find an element with the text: ELH. This could be because the text is broken up by multiple elements. In this case, you can provide a function for your text matcher to make your matcher more flexible.

Ignored nodes: comments, script, style
[36m<body>[39m
  [36m<div>[39m
    [36m<footer[39m
      [33mclass[39m=[32m" mt-auto w-full border-t border-surface-border bg-background-secondary px-6 py-10 "[39m
      [33mid[39m=[32m"home-footer"[39m
    [36m>[39m
      [36m<div[39m
        [33mclass[39m=[32m"mx-auto flex max-w-6xl flex-col items-center gap-4 text-center"[39m
      [36m>[39m
        [36m<p[39m
          [33mclass[39m=[32m"text-sm text-foreground-secondary"[39m
        [36m>[39m
          [0mTest footer context[0m
        [36m</p>[39m
        [36m<p[39m
          [33mclass[39m=[32m"text-xs text-foreground-muted"[39m
        [36m>[39m
          [0m┬⌐ 2026 Test Co.[0m
        [36m</p>[39m
      [36m</div>[39m
    [36m</footer>[39m
  [36m</div>[39m
[36m</body>[39m
    at Object.getElementError (D:\Projects\english-learning-history\node_modules\.pnpm\@testing-library+dom@10.4.1\node_modules\@testing-library\dom\dist\config.js:37:19)
    at D:\Projects\english-learning-history\node_modules\.pnpm\@testing-library+dom@10.4.1\node_modules\@testing-library\dom\dist\query-helpers.js:76:38
    at D:\Projects\english-learning-history\node_modules\.pnpm\@testing-library+dom@10.4.1\node_modules\@testing-library\dom\dist\query-helpers.js:52:17
    at D:\Projects\english-learning-history\node_modules\.pnpm\@testing-library+dom@10.4.1\node_modules\@testing-library\dom\dist\query-helpers.js:95:19
    at Object.getByText (D:\Projects\english-learning-history\app\modules\home\ui\components\HomeFooter\HomeFooter.test.tsx:12:19)
    at Promise.finally.completed (D:\Projects\english-learning-history\node_modules\.pnpm\jest-circus@30.3.0\node_modules\jest-circus\build\jestAdapterInit.js:1557:28)
    at new Promise (<anonymous>)
    at callAsyncCircusFn (D:\Projects\english-learning-history\node_modules\.pnpm\jest-circus@30.3.0\node_modules\jest-circus\build\jestAdapterInit.js:1497:10)
    at _callCircusTest (D:\Projects\english-learning-history\node_modules\.pnpm\jest-circus@30.3.0\node_modules\jest-circus\build\jestAdapterInit.js:1007:40)
    at processTicksAndRejections (node:internal/process/task_queues:105:5)
    at _runTest (D:\Projects\english-learning-history\node_modules\.pnpm\jest-circus@30.3.0\node_modules\jest-circus\build\jestAdapterInit.js:947:3)
    at D:\Projects\english-learning-history\node_modules\.pnpm\jest-circus@30.3.0\node_modules\jest-circus\build\jestAdapterInit.js:849:7
    at _runTestsForDescribeBlock (D:\Projects\english-learning-history\node_modules\.pnpm\jest-circus@30.3.0\node_modules\jest-circus\build\jestAdapterInit.js:862:11)
    at _runTestsForDescribeBlock (D:\Projects\english-learning-history\node_modules\.pnpm\jest-circus@30.3.0\node_modules\jest-circus\build\jestAdapterInit.js:857:11)
    at run (D:\Projects\english-learning-history\node_modules\.pnpm\jest-circus@30.3.0\node_modules\jest-circus\build\jestAdapterInit.js:761:3)
    at runAndTransformResultsToJestFormat (D:\Projects\english-learning-history\node_modules\.pnpm\jest-circus@30.3.0\node_modules\jest-circus\build\jestAdapterInit.js:1918:21)
    at jestAdapter (D:\Projects\english-learning-history\node_modules\.pnpm\jest-circus@30.3.0\node_modules\jest-circus\build\runner.js:101:19)
    at runTestInternal (D:\Projects\english-learning-history\node_modules\.pnpm\jest-runner@30.3.0\node_modules\jest-runner\build\testWorker.js:275:16)
    at runTest (D:\Projects\english-learning-history\node_modules\.pnpm\jest-runner@30.3.0\node_modules\jest-runner\build\testWorker.js:343:7)
    at Object.worker (D:\Projects\english-learning-history\node_modules\.pnpm\jest-runner@30.3.0\node_modules\jest-runner\build\testWorker.js:497:12)
D:\Projects\english-learning-history\app\modules\home\ui\hooks\useHomePage.test.ts 
 useHomePage hook should aggregate and provide theme and locale functionalities 
 Error: [2mexpect([22m[31mreceived[39m[2m).[22mtoBeInstanceOf[2m([22m[32mexpected[39m[2m)[22m

Expected constructor: [32mFunction[39m
Received constructor: [31mFunction[39m

    at Object.toBeInstanceOf (D:\Projects\english-learning-history\app\modules\home\ui\hooks\useHomePage.test.ts:28:38)
    at Promise.finally.completed (D:\Projects\english-learning-history\node_modules\.pnpm\jest-circus@30.3.0\node_modules\jest-circus\build\jestAdapterInit.js:1557:28)
    at new Promise (<anonymous>)
    at callAsyncCircusFn (D:\Projects\english-learning-history\node_modules\.pnpm\jest-circus@30.3.0\node_modules\jest-circus\build\jestAdapterInit.js:1497:10)
    at _callCircusTest (D:\Projects\english-learning-history\node_modules\.pnpm\jest-circus@30.3.0\node_modules\jest-circus\build\jestAdapterInit.js:1007:40)
    at processTicksAndRejections (node:internal/process/task_queues:105:5)
    at _runTest (D:\Projects\english-learning-history\node_modules\.pnpm\jest-circus@30.3.0\node_modules\jest-circus\build\jestAdapterInit.js:947:3)
    at D:\Projects\english-learning-history\node_modules\.pnpm\jest-circus@30.3.0\node_modules\jest-circus\build\jestAdapterInit.js:849:7
    at _runTestsForDescribeBlock (D:\Projects\english-learning-history\node_modules\.pnpm\jest-circus@30.3.0\node_modules\jest-circus\build\jestAdapterInit.js:862:11)
    at _runTestsForDescribeBlock (D:\Projects\english-learning-history\node_modules\.pnpm\jest-circus@30.3.0\node_modules\jest-circus\build\jestAdapterInit.js:857:11)
    at run (D:\Projects\english-learning-history\node_modules\.pnpm\jest-circus@30.3.0\node_modules\jest-circus\build\jestAdapterInit.js:761:3)
    at runAndTransformResultsToJestFormat (D:\Projects\english-learning-history\node_modules\.pnpm\jest-circus@30.3.0\node_modules\jest-circus\build\jestAdapterInit.js:1918:21)
    at jestAdapter (D:\Projects\english-learning-history\node_modules\.pnpm\jest-circus@30.3.0\node_modules\jest-circus\build\runner.js:101:19)
    at runTestInternal (D:\Projects\english-learning-history\node_modules\.pnpm\jest-runner@30.3.0\node_modules\jest-runner\build\testWorker.js:275:16)
    at runTest (D:\Projects\english-learning-history\node_modules\.pnpm\jest-runner@30.3.0\node_modules\jest-runner\build\testWorker.js:343:7)
    at Object.worker (D:\Projects\english-learning-history\node_modules\.pnpm\jest-runner@30.3.0\node_modules\jest-runner\build\testWorker.js:497:12)
