node.exe : FAIL app/modules/lesson/ui
/hooks/useLessonPage.test.ts
At C:\Program 
Files\nodejs\npx.ps1:29 char:3
+   & $NODE_EXE $NPX_CLI_JS $args
+   ~~~~~~~~~~~~~~~~~~~~~~~~~~~~~
    + CategoryInfo          : NotSpe 
   cified: (FAIL app/module...sonPa  
  ge.test.ts:String) [], RemoteExc   
 eption
    + FullyQualifiedErrorId : Native 
   CommandError
 
  useLessonPage
    ΓêÜ initializes with fallback 
data if local storage is empty (16 
ms)
    ΓêÜ initializes with local 
storage data if available (1 ms)
    ├ù addLesson adds a new lesson 
and saves it to local storage (5 ms)
    ΓêÜ updates filters when calling 
update functions (2 ms)
    ΓêÜ toggles theme properly (3 ms)

  ΓùÅ useLessonPage ΓÇ║ addLesson 
adds a new lesson and saves it to 
local storage

    expect(received).toBe(expected) 
// Object.is equality

    Expected: "New Tech Topic"
    Received: "Daily Conversation"

    [0m [90m 84 |[39m     [90m// 
Fallback data + 1 new item[39m
     [90m 85 |[39m     expect(resul
t[33m.[39mcurrent[33m.[39mdisplay
edLessons[33m.[39mlength)[33m.[39
mtoBe([33mLESSON_FALLBACK_DATA[39m
[33m.[39mlength [33m+[39m 
[35m1[39m)[33m;[39m
    [31m[1m>[22m[39m[90m 86 
|[39m     expect(result[33m.[39mcu
rrent[33m.[39mdisplayedLessons[[35
m0[39m][33m.[39mtopic)[33m.[39mt
oBe([32m'New Tech 
Topic'[39m)[33m;[39m
     [90m    |[39m                 
                                     
[31m[1m^[22m[39m
     [90m 87 |[39m     expect(saveL
essonsToLocalStorage)[33m.[39mtoHav
eBeenCalledWith(result[33m.[39mcurr
ent[33m.[39mdisplayedLessons)[33m;
[39m
     [90m 88 |[39m   })[33m;[39m
     [90m 89 |[39m[0m

      at Object.<anonymous> (app/modu
les/lesson/ui/hooks/useLessonPage.tes
t.ts:86:54)

------------------------------------------------|---------|----------|---------|---------|-------------------
File                                            | % Stmts | % Branch | % Funcs | % Lines | Uncovered Line #s 
------------------------------------------------|---------|----------|---------|---------|-------------------
All files                                       |   10.71 |    55.81 |   39.28 |   10.71 |                   
 modules/home/ui/components/FeatureGrid         |       0 |        0 |       0 |       0 |                   
  FeatureGrid.tsx                               |       0 |        0 |       0 |       0 | 1-145             
 modules/home/ui/components/FeatureHighlights   |       0 |        0 |       0 |       0 |                   
  FeatureHighlights.tsx                         |       0 |        0 |       0 |       0 | 1-39              
 modules/home/ui/components/HeroSection         |       0 |        0 |       0 |       0 |                   
  HeroSection.tsx                               |       0 |        0 |       0 |       0 | 1-166             
 modules/home/ui/components/HomeFooter          |       0 |        0 |       0 |       0 |                   
  HomeFooter.tsx                                |       0 |        0 |       0 |       0 | 1-33              
 modules/home/ui/components/HomeHeader          |       0 |        0 |       0 |       0 |                   
  HomeHeader.tsx                                |       0 |        0 |       0 |       0 | 1-150             
 modules/home/ui/components/ModeSelector        |       0 |        0 |       0 |       0 |                   
  ModeSelector.tsx                              |       0 |        0 |       0 |       0 | 1-101             
 modules/home/ui/components/StatsBar            |       0 |        0 |       0 |       0 |                   
  StatsBar.tsx                                  |       0 |        0 |       0 |       0 | 1-62              
 modules/home/ui/hooks                          |       0 |        0 |       0 |       0 |                   
  useHomePage.ts                                |       0 |        0 |       0 |       0 | 1-79              
 modules/home/ui/pages                          |       0 |        0 |       0 |       0 |                   
  index.tsx                                     |       0 |        0 |       0 |       0 | 1-63              
 modules/lesson/ui/components/CreateLessonModal |       0 |        0 |       0 |       0 |                   
  CreateLessonModal.tsx                         |       0 |        0 |       0 |       0 | 1-138             
 modules/lesson/ui/components/LessonOverview    |       0 |        0 |       0 |       0 |                   
  LessonOverview.tsx                            |       0 |        0 |       0 |       0 | 1-197             
 modules/lesson/ui/hooks                        |     100 |     92.3 |     100 |     100 |                   
  useLessonPage.ts                              |     100 |     92.3 |     100 |     100 | 172-176           
 modules/lesson/ui/pages                        |       0 |        0 |       0 |       0 |                   
  index.tsx                                     |       0 |        0 |       0 |       0 | 1-70              
 shared/components/atoms/Button                 |       0 |        0 |       0 |       0 |                   
  Button.tsx                                    |       0 |        0 |       0 |       0 | 1-81              
 shared/components/atoms/LocaleSwitcher         |       0 |        0 |       0 |       0 |                   
  LocaleSwitcher.tsx                            |       0 |        0 |       0 |       0 | 1-62              
 shared/components/atoms/ThemeToggle            |       0 |        0 |       0 |       0 |                   
  ThemeToggle.tsx                               |       0 |        0 |       0 |       0 | 1-77              
 shared/hooks                                   |       0 |        0 |       0 |       0 |                   
  useLocale.ts                                  |       0 |        0 |       0 |       0 | 1-93              
  useTheme.ts                                   |       0 |        0 |       0 |       0 | 1-94              
------------------------------------------------|---------|----------|---------|---------|-------------------
Jest: "global" coverage threshold 
for statements (90%) not met: 10.71%
Jest: "global" coverage threshold 
for branches (90%) not met: 55.81%
Jest: "global" coverage threshold 
for lines (90%) not met: 10.71%
Jest: "global" coverage threshold 
for functions (90%) not met: 39.28%
Test Suites: 1 failed, 1 total
Tests:       1 failed, 4 passed, 5 
total
Snapshots:   0 total
Time:        1.606 s
Ran all test suites matching app/modu
les/lesson/ui/hooks/useLessonPage.tes
t.ts.
