
> english-learning-history@0.1.0 test D:\Projects\english-learning-history
> jest --coverage

pnpm : FAIL app/shared/components/atoms/ThemeToggle/Them
eToggle.test.tsx
At line:1 char:1
+ pnpm test > test_output.txt 2>&1
+ ~~~~~~~~~~~~~~~~~~~~~~~~~~~~~~~~
    + CategoryInfo          : NotSpecified: (FAIL app/s 
   hared...Toggle.test.tsx:String) [], RemoteException
    + FullyQualifiedErrorId : NativeCommandError
 
  ΓùÅ Test suite failed to run

    Cannot find module '@testing-library/user-event' 
from 'app/shared/components/atoms/ThemeToggle/ThemeToggl
e.test.tsx'

    [0m [90m  5 |[39m describe([32m'ThemeToggle 
atom'[39m[33m,[39m () [33m=>[39m {
     [90m  6 |[39m   it([32m'should display the dark 
mode icon when resolvedTheme is dark'[39m[33m,[39m 
() [33m=>[39m {
    [31m[1m>[22m[39m[90m  7 |[39m     
[36mconst[39m handleToggle [33m=[39m 
jest[33m.[39mfn()[33m;[39m
     [90m    |[39m                                    
                       [31m[1m^[22m[39m
     [90m  8 |[39m     
render([33m<[39m[33mThemeToggle[39m 
resolvedTheme[33m=[39m[32m"dark"[39m 
onToggle[33m=[39m{handleToggle} 
[33m/[39m[33m>[39m)[33m;[39m
     [90m  9 |[39m     
     [90m 10 |[39m     [36mconst[39m button 
[33m=[39m screen[33m.[39mgetByRole([32m'button'[39
m[33m,[39m { name[33m:[39m [35m/switch to light 
mode/i[39m })[33m;[39m[0m

      at Resolver._throwModNotFoundError (node_modules/.
pnpm/jest-resolve@30.3.0/node_modules/jest-resolve/build
/index.js:863:11)
      at Object.<anonymous> (app/shared/components/atoms
/ThemeToggle/ThemeToggle.test.tsx:7:59)

FAIL app/modules/home/ui/components/HomeHeader/HomeHeade
r.test.tsx
  ΓùÅ Test suite failed to run

    Cannot find module '@testing-library/user-event' 
from 'app/modules/home/ui/components/HomeHeader/HomeHead
er.test.tsx'

    [0m [90m  5 |[39m
     [90m  6 |[39m describe([32m'HomeHeader 
component'[39m[33m,[39m () [33m=>[39m {
    [31m[1m>[22m[39m[90m  7 |[39m   
[36mconst[39m defaultProps [33m=[39m {
     [90m    |[39m                                    
         [31m[1m^[22m[39m
     [90m  8 |[39m     resolvedTheme[33m:[39m 
[32m'light'[39m [36mas[39m 
[33mThemeMode[39m[33m,[39m
     [90m  9 |[39m     onThemeToggle[33m:[39m 
jest[33m.[39mfn()[33m,[39m
     [90m 10 |[39m     locale[33m:[39m 
[32m'en'[39m [36mas[39m 
[33mLocale[39m[33m,[39m[0m

      at Resolver._throwModNotFoundError (node_modules/.
pnpm/jest-resolve@30.3.0/node_modules/jest-resolve/build
/index.js:863:11)
      at Object.<anonymous> (app/modules/home/ui/compone
nts/HomeHeader/HomeHeader.test.tsx:7:59)

PASS app/modules/home/ui/components/FeatureGrid/FeatureG
rid.test.tsx
FAIL app/modules/home/ui/components/HomeFooter/HomeFoote
r.test.tsx
  ΓùÅ HomeFooter component ΓÇ║ should render the brand 
mark

    TestingLibraryElementError: Unable to find an 
element with the text: ELH. This could be because the 
text is broken up by multiple elements. In this case, 
you can provide a function for your text matcher to 
make your matcher more flexible.

    Ignored nodes: comments, script, style
    [36m<body>[39m
      [36m<div>[39m
        [36m<footer[39m
          [33mclass[39m=[32m" mt-auto w-full 
border-t border-surface-border bg-background-secondary 
px-6 py-10 "[39m
          [33mid[39m=[32m"home-footer"[39m
        [36m>[39m
          [36m<div[39m
            [33mclass[39m=[32m"mx-auto flex 
max-w-6xl flex-col items-center gap-4 text-center"[39m
          [36m>[39m
            [36m<p[39m
              [33mclass[39m=[32m"text-sm 
text-foreground-secondary"[39m
            [36m>[39m
              [0mTest footer context[0m
            [36m</p>[39m
            [36m<p[39m
              [33mclass[39m=[32m"text-xs 
text-foreground-muted"[39m
            [36m>[39m
              [0m┬⌐ 2026 Test Co.[0m
            [36m</p>[39m
          [36m</div>[39m
        [36m</footer>[39m
      [36m</div>[39m
    [36m</body>[39m

    [0m [90m 10 |[39m   it([32m'should render the 
brand mark'[39m[33m,[39m () [33m=>[39m {
     [90m 11 |[39m     
render([33m<[39m[33mHomeFooter[39m 
{[33m...[39mdefaultProps} 
[33m/[39m[33m>[39m)[33m;[39m
    [31m[1m>[22m[39m[90m 12 |[39m     expect(scree
n[33m.[39mgetByText([32m'ELH'[39m))[33m.[39mtoBeIn
TheDocument()[33m;[39m
     [90m    |[39m                   
[31m[1m^[22m[39m
     [90m 13 |[39m   })[33m;[39m
     [90m 14 |[39m
     [90m 15 |[39m   it([32m'should render footer 
text clearly'[39m[33m,[39m () [33m=>[39m {[0m

      at Object.getElementError (node_modules/.pnpm/@tes
ting-library+dom@10.4.1/node_modules/@testing-library/do
m/dist/config.js:37:19)
      at node_modules/.pnpm/@testing-library+dom@10.4.1/
node_modules/@testing-library/dom/dist/query-helpers.js:
76:38
      at node_modules/.pnpm/@testing-library+dom@10.4.1/
node_modules/@testing-library/dom/dist/query-helpers.js:
52:17
      at node_modules/.pnpm/@testing-library+dom@10.4.1/
node_modules/@testing-library/dom/dist/query-helpers.js:
95:19
      at Object.getByText (app/modules/home/ui/component
s/HomeFooter/HomeFooter.test.tsx:12:19)

FAIL app/shared/components/atoms/Button/Button.test.tsx
  ΓùÅ Test suite failed to run

    Cannot find module '@testing-library/user-event' 
from 
'app/shared/components/atoms/Button/Button.test.tsx'

    [0m [90m  5 |[39m describe([32m'Button 
atom'[39m[33m,[39m () [33m=>[39m {
     [90m  6 |[39m   it([32m'should render correctly 
with default props'[39m[33m,[39m () [33m=>[39m {
    [31m[1m>[22m[39m[90m  7 |[39m     render([33m
<[39m[33mButton[39m[33m>[39m[33mClick[39m [33mMe
[39m[33m<[39m[33m/[39m[33mButton[39m[33m>[39m)
[33m;[39m
     [90m    |[39m                                    
                       [31m[1m^[22m[39m
     [90m  8 |[39m     [36mconst[39m button 
[33m=[39m screen[33m.[39mgetByRole([32m'button'[39
m[33m,[39m { name[33m:[39m [35m/Click Me/i[39m 
})[33m;[39m
     [90m  9 |[39m     
expect(button)[33m.[39mtoBeInTheDocument()[33m;[39m
     [90m 10 |[39m     [0m

      at Resolver._throwModNotFoundError (node_modules/.
pnpm/jest-resolve@30.3.0/node_modules/jest-resolve/build
/index.js:863:11)
      at Object.<anonymous> (app/shared/components/atoms
/Button/Button.test.tsx:7:59)

FAIL app/shared/components/atoms/LocaleSwitcher/LocaleSw
itcher.test.tsx
  ΓùÅ Test suite failed to run

    Cannot find module '@testing-library/user-event' 
from 'app/shared/components/atoms/LocaleSwitcher/LocaleS
witcher.test.tsx'

    [0m [90m  5 |[39m describe([32m'LocaleSwitcher 
atom'[39m[33m,[39m () [33m=>[39m {
     [90m  6 |[39m   it([32m'should render both EN 
and VI buttons'[39m[33m,[39m () [33m=>[39m {
    [31m[1m>[22m[39m[90m  7 |[39m     
[36mconst[39m handleLocaleChange [33m=[39m 
jest[33m.[39mfn()[33m;[39m
     [90m    |[39m                                    
                       [31m[1m^[22m[39m
     [90m  8 |[39m     
render([33m<[39m[33mLocaleSwitcher[39m 
locale[33m=[39m[32m"en"[39m 
onLocaleChange[33m=[39m{handleLocaleChange} 
[33m/[39m[33m>[39m)[33m;[39m
     [90m  9 |[39m     
     [90m 10 |[39m     expect(screen[33m.[39mgetByRo
le([32m'button'[39m[33m,[39m { name[33m:[39m 
[35m/switch to english/i[39m 
}))[33m.[39mtoBeInTheDocument()[33m;[39m[0m

      at Resolver._throwModNotFoundError (node_modules/.
pnpm/jest-resolve@30.3.0/node_modules/jest-resolve/build
/index.js:863:11)
      at Object.<anonymous> (app/shared/components/atoms
/LocaleSwitcher/LocaleSwitcher.test.tsx:7:59)

PASS app/shared/hooks/useTheme.test.ts
PASS app/modules/home/ui/pages/index.test.tsx
PASS app/modules/home/ui/components/StatsBar/StatsBar.te
st.tsx
FAIL app/modules/home/ui/hooks/useHomePage.test.ts
  ΓùÅ useHomePage hook ΓÇ║ should aggregate and provide 
theme and locale functionalities

    expect(received).toBeInstanceOf(expected)

    Expected constructor: Function
    Received constructor: Function

    [0m [90m 26 |[39m     [90m// Since mock 
useTheme is read-only here, let's just make sure it's 
exported[39m
     [90m 27 |[39m     expect(result[33m.[39mcurrent
[33m.[39mtoggleTheme)[33m.[39mtoBeInstanceOf([33mFu
nction[39m)[33m;[39m
    [31m[1m>[22m[39m[90m 28 |[39m     expect(resul
t[33m.[39mcurrent[33m.[39msetLocale)[33m.[39mtoBeI
nstanceOf([33mFunction[39m)[33m;[39m
     [90m    |[39m                                    
  [31m[1m^[22m[39m
     [90m 29 |[39m   })[33m;[39m
     [90m 30 |[39m
     [90m 31 |[39m   it([32m'should provide 
localized translation function t'[39m[33m,[39m () 
[33m=>[39m {[0m

      at Object.toBeInstanceOf 
(app/modules/home/ui/hooks/useHomePage.test.ts:28:38)

PASS app/modules/home/ui/components/HeroSection/HeroSect
ion.test.tsx
PASS app/modules/home/core/usecases/index.test.ts
PASS app/shared/hooks/useLocale.test.ts
----------------------------------------|---------|----------|---------|---------|-------------------
File                                    | % Stmts | % Branch | % Funcs | % Lines | Uncovered Line #s 
----------------------------------------|---------|----------|---------|---------|-------------------
All files                               |   63.47 |       78 |   73.33 |   63.47 |                   
 modules/home/ui/components/FeatureGrid |     100 |    66.66 |     100 |     100 |                   
  FeatureGrid.tsx                       |     100 |    66.66 |     100 |     100 | 135-137           
 modules/home/ui/components/HeroSection |     100 |      100 |     100 |     100 |                   
  HeroSection.tsx                       |     100 |      100 |     100 |     100 |                   
 modules/home/ui/components/HomeFooter  |     100 |      100 |     100 |     100 |                   
  HomeFooter.tsx                        |     100 |      100 |     100 |     100 |                   
 modules/home/ui/components/HomeHeader  |       0 |        0 |       0 |       0 |                   
  HomeHeader.tsx                        |       0 |        0 |       0 |       0 | 1-161             
 modules/home/ui/components/StatsBar    |     100 |      100 |     100 |     100 |                   
  StatsBar.tsx                          |     100 |      100 |     100 |     100 |                   
 modules/home/ui/hooks                  |     100 |       75 |     100 |     100 |                   
  useHomePage.ts                        |     100 |       75 |     100 |     100 | 46-47             
 modules/home/ui/pages                  |     100 |      100 |     100 |     100 |                   
  index.tsx                             |     100 |      100 |     100 |     100 |                   
 shared/components/atoms/Button         |       0 |        0 |       0 |       0 |                   
  Button.tsx                            |       0 |        0 |       0 |       0 | 1-81              
 shared/components/atoms/LocaleSwitcher |       0 |        0 |       0 |       0 |                   
  LocaleSwitcher.tsx                    |       0 |        0 |       0 |       0 | 1-80              
 shared/components/atoms/ThemeToggle    |       0 |        0 |       0 |       0 |                   
  ThemeToggle.tsx                       |       0 |        0 |       0 |       0 | 1-77              
 shared/hooks                           |   98.72 |    91.66 |     100 |   98.72 |                   
  useLocale.ts                          |     100 |      100 |     100 |     100 |                   
  useTheme.ts                           |   97.87 |    88.23 |     100 |   97.87 | 19-20             
----------------------------------------|---------|----------|---------|---------|-------------------
Jest: "global" coverage threshold for statements (90%) 
not met: 63.47%
Jest: "global" coverage threshold for branches (90%) 
not met: 78%
Jest: "global" coverage threshold for lines (90%) not 
met: 63.47%
Jest: "global" coverage threshold for functions (90%) 
not met: 73.33%

Test Suites: 6 failed, 7 passed, 13 total
Tests:       2 failed, 34 passed, 36 total
Snapshots:   0 total
Time:        3.824 s, estimated 8 s
Ran all test suites.
ΓÇëELIFECYCLEΓÇë Test failed. See above for more details.
